// Jest Snapshot v1, https://goo.gl/fbAQLP

exports[`ChatInput component should render correctly 1`] = `
{
  "asFragment": [Function],
  "baseElement": <body>
    <div>
      <div
        class="container"
      >
        <div
          class="MuiFormControl-root MuiFormControl-marginDense MuiFormControl-fullWidth MuiTextField-root css-xanwcj-MuiFormControl-root-MuiTextField-root"
        >
          <label
            class="MuiFormLabel-root MuiInputLabel-root MuiInputLabel-formControl MuiInputLabel-animated MuiInputLabel-sizeMedium MuiInputLabel-outlined MuiFormLabel-colorPrimary MuiInputLabel-root MuiInputLabel-formControl MuiInputLabel-animated MuiInputLabel-sizeMedium MuiInputLabel-outlined css-19qnlrw-MuiFormLabel-root-MuiInputLabel-root"
            data-shrink="false"
            for="outlined-multiline-static"
            id="outlined-multiline-static-label"
          >
            Put question here: 
          </label>
          <div
            class="MuiInputBase-root MuiOutlinedInput-root MuiInputBase-colorPrimary MuiInputBase-fullWidth MuiInputBase-formControl css-1blp12k-MuiInputBase-root-MuiOutlinedInput-root"
          >
            <input
              aria-invalid="false"
              class="MuiInputBase-input MuiOutlinedInput-input css-16wblaj-MuiInputBase-input-MuiOutlinedInput-input"
              id="outlined-multiline-static"
              type="text"
              value=""
            />
            <fieldset
              aria-hidden="true"
              class="MuiOutlinedInput-notchedOutline css-1ll44ll-MuiOutlinedInput-notchedOutline"
            >
              <legend
                class="css-81qg8w"
              >
                <span>
                  Put question here: 
                </span>
              </legend>
            </fieldset>
          </div>
        </div>
        <div
          class="button"
        >
          <button
            class="MuiButtonBase-root MuiButton-root MuiButton-contained MuiButton-containedPrimary MuiButton-sizeMedium MuiButton-containedSizeMedium MuiButton-colorPrimary Mui-disabled MuiButton-root MuiButton-contained MuiButton-containedPrimary MuiButton-sizeMedium MuiButton-containedSizeMedium MuiButton-colorPrimary css-1abvrni-MuiButtonBase-root-MuiButton-root"
            disabled=""
            style="height: 58px;"
            tabindex="-1"
            type="button"
          >
            Send query
          </button>
        </div>
      </div>
    </div>
  </body>,
  "container": <div>
    <div
      class="container"
    >
      <div
        class="MuiFormControl-root MuiFormControl-marginDense MuiFormControl-fullWidth MuiTextField-root css-xanwcj-MuiFormControl-root-MuiTextField-root"
      >
        <label
          class="MuiFormLabel-root MuiInputLabel-root MuiInputLabel-formControl MuiInputLabel-animated MuiInputLabel-sizeMedium MuiInputLabel-outlined MuiFormLabel-colorPrimary MuiInputLabel-root MuiInputLabel-formControl MuiInputLabel-animated MuiInputLabel-sizeMedium MuiInputLabel-outlined css-19qnlrw-MuiFormLabel-root-MuiInputLabel-root"
          data-shrink="false"
          for="outlined-multiline-static"
          id="outlined-multiline-static-label"
        >
          Put question here: 
        </label>
        <div
          class="MuiInputBase-root MuiOutlinedInput-root MuiInputBase-colorPrimary MuiInputBase-fullWidth MuiInputBase-formControl css-1blp12k-MuiInputBase-root-MuiOutlinedInput-root"
        >
          <input
            aria-invalid="false"
            class="MuiInputBase-input MuiOutlinedInput-input css-16wblaj-MuiInputBase-input-MuiOutlinedInput-input"
            id="outlined-multiline-static"
            type="text"
            value=""
          />
          <fieldset
            aria-hidden="true"
            class="MuiOutlinedInput-notchedOutline css-1ll44ll-MuiOutlinedInput-notchedOutline"
          >
            <legend
              class="css-81qg8w"
            >
              <span>
                Put question here: 
              </span>
            </legend>
          </fieldset>
        </div>
      </div>
      <div
        class="button"
      >
        <button
          class="MuiButtonBase-root MuiButton-root MuiButton-contained MuiButton-containedPrimary MuiButton-sizeMedium MuiButton-containedSizeMedium MuiButton-colorPrimary Mui-disabled MuiButton-root MuiButton-contained MuiButton-containedPrimary MuiButton-sizeMedium MuiButton-containedSizeMedium MuiButton-colorPrimary css-1abvrni-MuiButtonBase-root-MuiButton-root"
          disabled=""
          style="height: 58px;"
          tabindex="-1"
          type="button"
        >
          Send query
        </button>
      </div>
    </div>
  </div>,
  "debug": [Function],
  "findAllByAltText": [Function],
  "findAllByDisplayValue": [Function],
  "findAllByLabelText": [Function],
  "findAllByPlaceholderText": [Function],
  "findAllByRole": [Function],
  "findAllByTestId": [Function],
  "findAllByText": [Function],
  "findAllByTitle": [Function],
  "findByAltText": [Function],
  "findByDisplayValue": [Function],
  "findByLabelText": [Function],
  "findByPlaceholderText": [Function],
  "findByRole": [Function],
  "findByTestId": [Function],
  "findByText": [Function],
  "findByTitle": [Function],
  "getAllByAltText": [Function],
  "getAllByDisplayValue": [Function],
  "getAllByLabelText": [Function],
  "getAllByPlaceholderText": [Function],
  "getAllByRole": [Function],
  "getAllByTestId": [Function],
  "getAllByText": [Function],
  "getAllByTitle": [Function],
  "getByAltText": [Function],
  "getByDisplayValue": [Function],
  "getByLabelText": [Function],
  "getByPlaceholderText": [Function],
  "getByRole": [Function],
  "getByTestId": [Function],
  "getByText": [Function],
  "getByTitle": [Function],
  "queryAllByAltText": [Function],
  "queryAllByDisplayValue": [Function],
  "queryAllByLabelText": [Function],
  "queryAllByPlaceholderText": [Function],
  "queryAllByRole": [Function],
  "queryAllByTestId": [Function],
  "queryAllByText": [Function],
  "queryAllByTitle": [Function],
  "queryByAltText": [Function],
  "queryByDisplayValue": [Function],
  "queryByLabelText": [Function],
  "queryByPlaceholderText": [Function],
  "queryByRole": [Function],
  "queryByTestId": [Function],
  "queryByText": [Function],
  "queryByTitle": [Function],
  "rerender": [Function],
  "unmount": [Function],
}
`;
